
.. |rock5a-step1.webp| image:: ../_static/get-started/install-operating-system/rock5a-step1.webp

.. |rock5a-step2.webp| image:: ../_static/get-started/install-operating-system/rock5a-step2.webp

.. |rock5a-step3.webp| image:: ../_static/get-started/install-operating-system/rock5a-step3.webp

.. |rock5a-step4.webp| image:: ../_static/get-started/install-operating-system/rock5a-step4.webp

.. |rock5a-step5.webp| image:: ../_static/get-started/install-operating-system/rock5a-step5.webp
