.. _所有资料包: https://pan.baidu.com/s/1F3y25ZUI7bDR_Kfluefnuw?pwd=m28k
.. |所有资料包| replace:: 所有资料包

.. _原理图.pdf: https://pan.baidu.com/s/1lJVy7nuHFQAdwfvSg81puw?pwd=qkf2
.. |原理图.pdf| replace:: 原理图.pdf

.. _顶层位号图.pdf: https://pan.baidu.com/s/1WaAxF65pKWqncc0JFWtrYQ?pwd=v35m
.. |顶层位号图.pdf| replace:: 顶层位号图.pdf

.. _底层位号图.pdf: https://pan.baidu.com/s/14RmLzVwGVW7zSgOcDWVHhA?pwd=w4rt
.. |底层位号图.pdf| replace:: 底层位号图.pdf

.. _顶面亚克力.pdf: https://pan.baidu.com/s/1e0iobJKseiFfpPwWoFIwnQ?pwd=wwwa
.. |顶面亚克力.pdf| replace:: 顶面亚克力.pdf

.. _底面亚克力.pdf: https://pan.baidu.com/s/1CVQ7YFWTiMj2wYd5vAoZJQ?pwd=c3ka
.. |底面亚克力.pdf| replace:: 底面亚克力.pdf

.. _RKDevTool_Release_v2.86: https://pan.baidu.com/s/1VUDIgSDZfvd1_aNUTN5Aew?pwd=45zi
.. |RKDevTool_Release_v2.86| replace:: RKDevTool_Release_v2.86

.. _armbian-debian: https://pan.baidu.com/s/1AqcUrKQ7kfMAI6hwq45vOQ?pwd=ifne
.. |armbian-debian| replace:: armbian-debian

.. _armbian-ubuntu: https://pan.baidu.com/s/1B6D12-t8sNQMGRyUulc0aQ?pwd=rks2
.. |armbian-ubuntu| replace:: armbian-ubuntu

.. _istoreos: https://pan.baidu.com/s/1AAh4k1z-9KQAoyDGefCq9w?pwd=qp2h
.. |istoreos| replace:: istoreos

.. _openwrt: https://pan.baidu.com/s/1x1n2zCnsQDOrG3ebDmj2TA?pwd=jv15
.. |openwrt| replace:: openwrt
